
H:\Semester 2\oo programing\Repos>git
usage: git [--version] [--help] [-C <path>] [-c name=value]
           [--exec-path[=<path>]] [--html-path] [--man-path] [--info-path]
           [-p | --paginate | --no-pager] [--no-replace-objects] [--bare]
           [--git-dir=<path>] [--work-tree=<path>] [--namespace=<name>]
           <command> [<args>]

These are common Git commands used in various situations:

start a working area (see also: git help tutorial)
   clone      Clone a repository into a new directory
   init       Create an empty Git repository or reinitialize an existing one

work on the current change (see also: git help everyday)
   add        Add file contents to the index
   mv         Move or rename a file, a directory, or a symlink
   reset      Reset current HEAD to the specified state
   rm         Remove files from the working tree and from the index

examine the history and state (see also: git help revisions)
   bisect     Use binary search to find the commit that introduced a bug
   grep       Print lines matching a pattern
   log        Show commit logs
   show       Show various types of objects
   status     Show the working tree status

grow, mark and tweak your common history
   branch     List, create, or delete branches
   checkout   Switch branches or restore working tree files
   commit     Record changes to the repository
   diff       Show changes between commits, commit and working tree, etc
   merge      Join two or more development histories together
   rebase     Reapply commits on top of another base tip
   tag        Create, list, delete or verify a tag object signed with GPG

collaborate (see also: git help workflows)
   fetch      Download objects and refs from another repository
   pull       Fetch from and integrate with another repository or a local branch
   push       Update remote refs along with associated objects

'git help -a' and 'git help -g' list available subcommands and some
concept guides. See 'git help <command>' or 'git help <concept>'
to read about a specific subcommand or concept.

H:\Semester 2\oo programing\Repos>git clone https://github.com/102103545/OOP_Sem2.git
Cloning into 'OOP_Sem2'...
remote: Counting objects: 3, done.
remote: Total 3 (delta 0), reused 0 (delta 0), pack-reused 0
Unpacking objects: 100% (3/3), done.

H:\Semester 2\oo programing\Repos>cd OOP_Sem2

H:\Semester 2\oo programing\Repos\OOP_Sem2>git config --global user.name "Edward McKenzie-McHarg"

H:\Semester 2\oo programing\Repos\OOP_Sem2>git config --global user.email "102103545@student.swin.edu.au"

H:\Semester 2\oo programing\Repos\OOP_Sem2>git stage
Nothing specified, nothing added.
Maybe you wanted to say 'git add .'?

H:\Semester 2\oo programing\Repos\OOP_Sem2>git stage *

H:\Semester 2\oo programing\Repos\OOP_Sem2>git pull
Already up-to-date.

H:\Semester 2\oo programing\Repos\OOP_Sem2>git push
fatal: HttpRequestException encountered.
   An error occurred while sending the request.
Username for 'https://github.com': 102103545
Password for 'https://102103545@github.com':
Counting objects: 11, done.
Delta compression using up to 8 threads.
Compressing objects: 100% (10/10), done.
Writing objects: 100% (11/11), 5.77 KiB | 656.00 KiB/s, done.
Total 11 (delta 0), reused 0 (delta 0)
To https://github.com/102103545/OOP_Sem2.git
   8785c1c..19f0ea0  master -> master

H:\Semester 2\oo programing\Repos\OOP_Sem2>